==> tests/inputs/the-bustle.txt <==
ernity.

==> tests/inputs/empty.txt <==

==> tests/inputs/spiders.txt <==
sually.
