==> tests/inputs/the-bustle.txt <==
l eternity.

==> tests/inputs/empty.txt <==

==> tests/inputs/spiders.txt <==
e
casually.
