==> tests/inputs/the-bustle.txt <==
The bustle in a house
The morning after death
Is solemnest of industries
Enacted upon earth,â€”

The sweeping up the heart,
And putting love away
We shall not want to use again
Until eternity.

==> tests/inputs/empty.txt <==

==> tests/inputs/spiders.txt <==
Don't worry, spiders,
I keep house
casually.
