And putting love away
We shall not want to use again
Until eternity.
Don't worry, spiders,
I keep house
casually.
