==> tests/inputs/the-bustle.txt <==
Until eternity.

==> tests/inputs/empty.txt <==

==> tests/inputs/spiders.txt <==
casually.
