==> tests/inputs/the-bustle.txt <==
And putting love away
We shall not want to use again
Until eternity.

==> tests/inputs/empty.txt <==

==> tests/inputs/spiders.txt <==
Don't worry, spiders,
I keep house
casually.
