The sweeping up the heart,
And putting love away
We shall not want to use again
Until eternity.
